node.exe : C:\Users\my491\A
ppData\Local\npm-cache\_npx
\1bf7c3c15bf47d04\node_modu
les\ts-node\src\index.ts:85
9
At C:\Program 
Files\nodejs\npx.ps1:29 
char:3
+   & $NODE_EXE 
$NPX_CLI_JS $args
+   ~~~~~~~~~~~~~~~~~~~~~~~
~~~~~~
    + CategoryInfo         
     : NotSpecified: (C:\  
  Users\my491\...rc\inde   
 x.ts:859:String) [], R    
emoteException
    + FullyQualifiedErrorI 
   d : NativeCommandError
 
    return new 
TSError(diagnosticText, 
diagnosticCodes, 
diagnostics);
           ^
TSError: Γ¿» Unable to 
compile TypeScript:
tmp/test-settings.ts(2,25):
 error TS2307: Cannot find 
module 'dotenv' or its 
corresponding type 
declarations.
tmp/test-settings.ts(40,32)
: error TS2345: Argument 
of type 'string | 
undefined' is not 
assignable to parameter of 
type 'string'.
  Type 'undefined' is not 
assignable to type 
'string'.

    at createTSError (C:\Us
ers\my491\AppData\Local\npm
-cache\_npx\1bf7c3c15bf47d0
4\node_modules\ts-node\src\
index.ts:859:12)
    at reportTSError (C:\Us
ers\my491\AppData\Local\npm
-cache\_npx\1bf7c3c15bf47d0
4\node_modules\ts-node\src\
index.ts:863:19)
    at getOutput (C:\Users\
my491\AppData\Local\npm-cac
he\_npx\1bf7c3c15bf47d04\no
de_modules\ts-node\src\inde
x.ts:1077:36)
    at Object.compile (C:\U
sers\my491\AppData\Local\np
m-cache\_npx\1bf7c3c15bf47d
04\node_modules\ts-node\src
\index.ts:1433:41)
    at Module.m._compile (C
:\Users\my491\AppData\Local
\npm-cache\_npx\1bf7c3c15bf
47d04\node_modules\ts-node\
src\index.ts:1617:30)
    at node:internal/module
s/cjs/loader:1708:10
    at Object.require.exten
sions.<computed> [as .ts] (
C:\Users\my491\AppData\Loca
l\npm-cache\_npx\1bf7c3c15b
f47d04\node_modules\ts-node
\src\index.ts:1621:12)
    at Module.load (node:in
ternal/modules/cjs/loader:1
318:32)
    at Function._load (node
:internal/modules/cjs/loade
r:1128:12)
    at 
TracingChannel.traceSync (n
ode:diagnostics_channel:322
:14) {
  diagnosticCodes: [ 2307, 
2345 ]
}
